Microchip Technology Inc, v1.35 (A)

Tool Name:
  c:\program files (x86)\microchip\xc16\v1.35\bin\bin\..\bin/elf-ld.exe

Command:
  -p24FV16KM202 \
  -o \
  dist/default/production/lab_2.X.production.elf \
  -Lc:/program files (x86)/microchip/xc16/v1.35/bin/bin/.. \
  -Lc:/program files (x86)/microchip/xc16/v1.35/bin/bin/../../lib \
  -Lc:/program files (x86)/microchip/xc16/v1.35/bin/bin/../../support/PIC24E/gld \
  -Lc:/program files (x86)/microchip/xc16/v1.35/bin/bin/../../support/PIC24F/gld \
  -Lc:/program files (x86)/microchip/xc16/v1.35/bin/bin/../../support/PIC24H/gld \
  -Lc:/program files (x86)/microchip/xc16/v1.35/bin/bin/../../support/dsPIC30F/gld \
  -Lc:/program files (x86)/microchip/xc16/v1.35/bin/bin/../../support/dsPIC33C/gld \
  -Lc:/program files (x86)/microchip/xc16/v1.35/bin/bin/../../support/dsPIC33E/gld \
  -Lc:/program files (x86)/microchip/xc16/v1.35/bin/bin/../../support/dsPIC33F/gld \
  build/default/production/newmainXC16.o \
  --defsym=__MPLAB_BUILD=1 \
  -Tp24FV16KM202.gld.00 \
  --stack=16 \
  --check-sections \
  --data-init \
  --pack-data \
  --handles \
  --isr \
  --no-gc-sections \
  --fill-upper=0 \
  --stackguard=16 \
  --no-force-link \
  --smart-io \
  -Map=dist/default/production/lab_2.X.production.map \
  --report-mem \
  --memorysummary \
  dist/default/production/memoryfile.xml \
  -start-group \
  --library=lega-pic30-elf \
  --library=m-elf \
  --library=lega-c-elf \
  -end-group \


Optional library libpPIC24Fxxx.a not found
Archive member included because of file (symbol)

c:/program files (x86)/microchip/xc16/v1.35/bin/bin/../../lib\liblega-pic30-elf.a(crt0_standard.o)
                              (__resetPRI)
c:/program files (x86)/microchip/xc16/v1.35/bin/bin/../../lib\liblega-pic30-elf.a(data_init_standard.o)
                              c:/program files (x86)/microchip/xc16/v1.35/bin/bin/../../lib\liblega-pic30-elf.a(crt0_standard.o) (__data_init_standard)
c:/program files (x86)/microchip/xc16/v1.35/bin/bin/../../lib\liblega-pic30-elf.a(crt_start_mode_normal.Leo)
                              (__crt_start_mode_normal)
c:/program files (x86)/microchip/xc16/v1.35/bin/bin/../../lib\libm-elf.a(divdf3.eo)
                              build/default/production/newmainXC16.o (___divdf3)
c:/program files (x86)/microchip/xc16/v1.35/bin/bin/../../lib\libm-elf.a(dpack.eo)
                              c:/program files (x86)/microchip/xc16/v1.35/bin/bin/../../lib\libm-elf.a(divdf3.eo) (__dpack)
c:/program files (x86)/microchip/xc16/v1.35/bin/bin/../../lib\libm-elf.a(dunpack2.eo)
                              c:/program files (x86)/microchip/xc16/v1.35/bin/bin/../../lib\libm-elf.a(divdf3.eo) (__dunpack2)
c:/program files (x86)/microchip/xc16/v1.35/bin/bin/../../lib\libm-elf.a(expf.eo)
                              build/default/production/newmainXC16.o (_expf)
c:/program files (x86)/microchip/xc16/v1.35/bin/bin/../../lib\libm-elf.a(extendsfdf.eo)
                              build/default/production/newmainXC16.o (___extendsfdf2)
c:/program files (x86)/microchip/xc16/v1.35/bin/bin/../../lib\libm-elf.a(feqltle.eo)
                              c:/program files (x86)/microchip/xc16/v1.35/bin/bin/../../lib\libm-elf.a(expf.eo) (___ltsf2)
c:/program files (x86)/microchip/xc16/v1.35/bin/bin/../../lib\libm-elf.a(fgtge.eo)
                              c:/program files (x86)/microchip/xc16/v1.35/bin/bin/../../lib\libm-elf.a(expf.eo) (___gtsf2)
c:/program files (x86)/microchip/xc16/v1.35/bin/bin/../../lib\libm-elf.a(fixsfsi.eo)
                              c:/program files (x86)/microchip/xc16/v1.35/bin/bin/../../lib\libm-elf.a(expf.eo) (_(float, int, long long, short, float, short, int))
c:/program files (x86)/microchip/xc16/v1.35/bin/bin/../../lib\libm-elf.a(floatsisf.eo)
                              c:/program files (x86)/microchip/xc16/v1.35/bin/bin/../../lib\libm-elf.a(expf.eo) (___floatsisf)
c:/program files (x86)/microchip/xc16/v1.35/bin/bin/../../lib\libm-elf.a(floatunsisf.eo)
                              build/default/production/newmainXC16.o (___floatunsisf)
c:/program files (x86)/microchip/xc16/v1.35/bin/bin/../../lib\libm-elf.a(funpack.eo)
                              c:/program files (x86)/microchip/xc16/v1.35/bin/bin/../../lib\libm-elf.a(expf.eo) (__funpack)
c:/program files (x86)/microchip/xc16/v1.35/bin/bin/../../lib\libm-elf.a(ldexpf.eo)
                              c:/program files (x86)/microchip/xc16/v1.35/bin/bin/../../lib\libm-elf.a(expf.eo) (_ldexpf)
c:/program files (x86)/microchip/xc16/v1.35/bin/bin/../../lib\libm-elf.a(muldf3.eo)
                              build/default/production/newmainXC16.o (___muldf3)
c:/program files (x86)/microchip/xc16/v1.35/bin/bin/../../lib\libm-elf.a(mulsf3.eo)
                              build/default/production/newmainXC16.o (___mulsf3)
c:/program files (x86)/microchip/xc16/v1.35/bin/bin/../../lib\libm-elf.a(subdf3.eo)
                              build/default/production/newmainXC16.o (___subdf3)
[...]
Memory Configuration

Name             Origin             Length             Attributes
data             0x000800           0x000800           a !xr
reset            0x000000           0x000004  
ivt              0x000004           0x0000fc  
_reserved        0x000100           0x000004  
aivt             0x000104           0x0000fc  
program          0x000200           0x002a00           xr
eedata           0x7ffe00           0x000200  
FBS              0xf80000           0x000002  
FGS              0xf80004           0x000002  
FOSCSEL          0xf80006           0x000002  
FOSC             0xf80008           0x000002  
FWDT             0xf8000a           0x000002  
FPOR             0xf8000c           0x000002  
FICD             0xf8000e           0x000002  
*default*        0x000000           0xffffffff  

Linker script and memory map

LOAD build/default/production/newmainXC16.o
                    0x0001                  __MPLAB_BUILD = 0x1
LOAD pPIC24Fxxx
LOAD c:/program files (x86)/microchip/xc16/v1.35/bin/bin/../../lib\libfx-elf.a
                    0xf80000                  __FBS = 0xf80000
                    0xf80004                  __FGS = 0xf80004
                    0xf80006                  __FOSCSEL = 0xf80006
                    0xf80008                  __FOSC = 0xf80008
                    0xf8000a                  __FWDT = 0xf8000a
                    0xf8000c                  __FPOR = 0xf8000c
                    0xf8000e                  __FICD = 0xf8000e
                    0x0001                  __NO_HANDLES = 0x1
                    0x0200                  __CODE_BASE = 0x200
                    0x2a00                  __CODE_LENGTH = 0x2a00
                    0x0004                  __IVT_BASE = 0x4
                    0x0104                  __AIVT_BASE = 0x104
                    0x0800                  __DATA_BASE = 0x800
                    0x0800                  __DATA_LENGTH = 0x800

.reset            0x000000          0x4
                  0x000000          0x2 SHORT 0x200 ABSOLUTE (__reset)
                  0x000001          0x2 SHORT 0x4
                  0x000002          0x2 SHORT 0x0 ((ABSOLUTE (__reset) >> 0x10) & 0x7f)
                  0x000003          0x2 SHORT 0x0

.text             0x000200       0x1f94
 *(.init)
 .init            0x000200         0x4c c:/program files (x86)/microchip/xc16/v1.35/bin/bin/../../lib\liblega-pic30-elf.a(crt0_standard.o)
                  0x000200                  __resetPRI
                  0x000200                  __reset
                  0x00023c                  __psv_init
 .init            0x00024c         0x7c c:/program files (x86)/microchip/xc16/v1.35/bin/bin/../../lib\liblega-pic30-elf.a(data_init_standard.o)
                  0x000252                  __data_init_standard
                  0x000252                  __data_init
 *(.user_init)
 *(.handle)
 *(.isr*)
 .isr             0x0002d4          0x4 default_isr
                  0x0002d4                  __DefaultInterrupt
 *(.libc)
 .libc            0x0002d8         0x12 c:/program files (x86)/microchip/xc16/v1.35/bin/bin/../../lib\liblega-pic30-elf.a(close.Leo)
                  0x0002d8                  _close
 .libc            0x0002ea         0x84 c:/program files (x86)/microchip/xc16/v1.35/bin/bin/../../lib\liblega-pic30-elf.a(write.Leo)
                  0x0002ea                  _write
 .libc            0x00036e         0x12 c:/program files (x86)/microchip/xc16/v1.35/bin/bin/../../lib\liblega-pic30-elf.a(remove.Leo)
                  0x00036e                  _remove
 .libc            0x000380         0x28 c:/program files (x86)/microchip/xc16/v1.35/bin/bin/../../lib\liblega-pic30-elf.a(sbrk.Leo)
                  0x000380                  _sbrk
 .libc            0x0003a8         0x1a c:/program files (x86)/microchip/xc16/v1.35/bin/bin/../../lib\liblega-pic30-elf.a(brk.Lelo)
                  0x0003a8                  _brk
 *(.libm)
 *(.libdsp)
 *(.lib*)
 .libpic30_crt_start_mode
                  0x0003c2          0x2 c:/program files (x86)/microchip/xc16/v1.35/bin/bin/../../lib\liblega-pic30-elf.a(crt_start_mode_normal.Leo)
                  0x0003c2                  __crt_start_mode
                  0x0003c2                  __crt_start_mode_normal
 .libm.divdf3     0x0003c4         0xb4 c:/program files (x86)/microchip/xc16/v1.35/bin/bin/../../lib\libm-elf.a(divdf3.eo)
                  0x0003c4                  ___divdf3
 .libm.dpack      0x000478         0x58 c:/program files (x86)/microchip/xc16/v1.35/bin/bin/../../lib\libm-elf.a(dpack.eo)
                  0x000478                  __dpack
 .libm.dunpack2
                  0x0004d0         0x32 c:/program files (x86)/microchip/xc16/v1.35/bin/bin/../../lib\libm-elf.a(dunpack2.eo)
                  0x0004d0                  __dunpack2
                  0x0004f2                  __dreturnNaN
                  0x0004f8                  __dunpack2exit
 .libm.expf       0x000502         0xc4 c:/program files (x86)/microchip/xc16/v1.35/bin/bin/../../lib\libm-elf.a(expf.eo)
                  0x000502                  _expf
 .libm.extendsfdf2
                  0x0005c6         0x3e c:/program files (x86)/microchip/xc16/v1.35/bin/bin/../../lib\libm-elf.a(extendsfdf.eo)
                  0x0005c6                  ___extendsfdf2
 .libm.eqsf2      0x000604          0x4 c:/program files (x86)/microchip/xc16/v1.35/bin/bin/../../lib\libm-elf.a(feqltle.eo)
                  0x000604                  ___eqsf2
                  0x000604                  ___ltsf2
                  0x000604                  ___lesf2
 .libm.gtsf2      0x000608          0x4 c:/program files (x86)/microchip/xc16/v1.35/bin/bin/../../lib\libm-elf.a(fgtge.eo)
                  0x000608                  ___gesf2
                  0x000608                  ___gtsf2
 .libm.fixsfsi    0x00060c         0x42 c:/program files (x86)/microchip/xc16/v1.35/bin/bin/../../lib\libm-elf.a(fixsfsi.eo)
                  0x00060c                  _(float, int, long long, short, float, short, int)
 .libm.floatsisf
                  0x00064e          0x6 c:/program files (x86)/microchip/xc16/v1.35/bin/bin/../../lib\libm-elf.a(floatsisf.eo)
                  0x00064e                  ___floatsisf
 .libm.floatunsisf
                  0x000654          0x4 c:/program files (x86)/microchip/xc16/v1.35/bin/bin/../../lib\libm-elf.a(floatunsisf.eo)
                  0x000654                  ___floatunsisf
 .libm.funpack    0x000658         0x2a c:/program files (x86)/microchip/xc16/v1.35/bin/bin/../../lib\libm-elf.a(funpack.eo)
                  0x000658                  __funpack
 .libm.ldexpf     0x000682         0x44 c:/program files (x86)/microchip/xc16/v1.35/bin/bin/../../lib\libm-elf.a(ldexpf.eo)
                  0x000682                  _ldexpf
 *fill*           0x0006c6          0x400
 .libm.muldf3     0x0006c8         0xec c:/program files (x86)/microchip/xc16/v1.35/bin/bin/../../lib\libm-elf.a(muldf3.eo)
                  0x0006c8                  ___muldf3
 .libm.mulsf3     0x0007b4         0x68 c:/program files (x86)/microchip/xc16/v1.35/bin/bin/../../lib\libm-elf.a(mulsf3.eo)
                  0x0007b4                  ___mulsf3
 .libm.subdf3     0x00081c          0x4 c:/program files (x86)/microchip/xc16/v1.35/bin/bin/../../lib\libm-elf.a(subdf3.eo)
                  0x00081c                  ___subdf3
 .libm.truncdfsf2
                  0x000820         0x56 c:/program files (x86)/microchip/xc16/v1.35/bin/bin/../../lib\libm-elf.a(truncdfsf.eo)
                  0x000820                  ___truncdfsf2
 .libm.udivsi3    0x000876         0x20 c:/program files (x86)/microchip/xc16/v1.35/bin/bin/../../lib\libm-elf.a(udivsi3.eo)
                  0x000876                  ___udivsi3
 *fill*           0x000896          0x400
 .libm.adddf3     0x000898         0xfc c:/program files (x86)/microchip/xc16/v1.35/bin/bin/../../lib\libm-elf.a(adddf3.eo)
                  0x000898                  ___adddf3
 .libm.subsf3     0x000994         0xbc c:/program files (x86)/microchip/xc16/v1.35/bin/bin/../../lib\libm-elf.a(addsf3.eo)
                  0x000994                  ___subsf3
                  0x000996                  ___addsf3
 .libm.divfs3     0x000a50         0x84 c:/program files (x86)/microchip/xc16/v1.35/bin/bin/../../lib\libm-elf.a(divsf3.eo)
                  0x000a50                  ___divsf3
 .libm.dPropagateNaN
                  0x000ad4         0x1c c:/program files (x86)/microchip/xc16/v1.35/bin/bin/../../lib\libm-elf.a(dpropagateNaN.eo)
                  0x000ad4                  __dPropagateNaN
 .libm.dunpack    0x000af0         0x4e c:/program files (x86)/microchip/xc16/v1.35/bin/bin/../../lib\libm-elf.a(dunpack.eo)
                  0x000af0                  __dunpack
 .libm.fcompare
                  0x000b3e         0x36 c:/program files (x86)/microchip/xc16/v1.35/bin/bin/../../lib\libm-elf.a(fcompare.eo)
                  0x000b3e                  __fcompare
 .libm.floatdisf
                  0x000b74         0x20 c:/program files (x86)/microchip/xc16/v1.35/bin/bin/../../lib\libm-elf.a(floatdisf.eo)
                  0x000b74                  ___floatdisf
 .libm.floatundisf
                  0x000b94         0x5e c:/program files (x86)/microchip/xc16/v1.35/bin/bin/../../lib\libm-elf.a(floatundisf.eo)
                  0x000b94                  ___floatundisf
 .libm.fpack      0x000bf2         0x4c c:/program files (x86)/microchip/xc16/v1.35/bin/bin/../../lib\libm-elf.a(fpack.eo)
                  0x000bf2                  __fpack
 .libm.funpack2
                  0x000c3e         0x10 c:/program files (x86)/microchip/xc16/v1.35/bin/bin/../../lib\libm-elf.a(funpack2.eo)
                  0x000c3e                  __funpack2
 .libm.fPropagateNaN
                  0x000c4e         0x12 c:/program files (x86)/microchip/xc16/v1.35/bin/bin/../../lib\libm-elf.a(futil.eo)
                  0x000c4e                  __fPropagateNaN
 .libm.fbobExit
                  0x000c60          0x8 c:/program files (x86)/microchip/xc16/v1.35/bin/bin/../../lib\libm-elf.a(futil.eo)
                  0x000c60                  __fbopExit
 .libm.fbopReturnNaN
                  0x000c68          0x6 c:/program files (x86)/microchip/xc16/v1.35/bin/bin/../../lib\libm-elf.a(futil.eo)
                  0x000c68                  __fbopReturnNaN
 .libc.prout      0x000c6e         0x1c c:/program files (x86)/microchip/xc16/v1.35/bin/bin/../../lib\liblega-c-elf.a(printf_cdfFnopuxX.XXeo)
                  0x000c6e                  printf_cdfFnopuxX.XXeo:_prout
 .libc._printf_cdfFnopuxX
                  0x000c8a         0x10 c:/program files (x86)/microchip/xc16/v1.35/bin/bin/../../lib\liblega-c-elf.a(printf_cdfFnopuxX.XXeo)
                  0x000c8a                  __printf_cdfFnopuxX
 .libc.fwrite     0x000c9a         0xa8 c:/program files (x86)/microchip/xc16/v1.35/bin/bin/../../lib\liblega-c-elf.a(fwrite.XX_eo)
                  0x000c9a                  _fwrite
 .libc.memchr     0x000d42         0x14 c:/program files (x86)/microchip/xc16/v1.35/bin/bin/../../lib\liblega-c-elf.a(memchr.XX_eo)
                  0x000d42                  _memchr
 .libc.memcpy     0x000d56          0xe c:/program files (x86)/microchip/xc16/v1.35/bin/bin/../../lib\liblega-c-elf.a(memcpy.XX_eo)
                  0x000d56                  _memcpy
 .libc._Fwprep    0x000d64         0x8e c:/program files (x86)/microchip/xc16/v1.35/bin/bin/../../lib\liblega-c-elf.a(xfwprep.XX_eo)
                  0x000d64                  __Fwprep
 .libc.closeallreg
                  0x000df2          0x4 c:/program files (x86)/microchip/xc16/v1.35/bin/bin/../../lib\liblega-c-elf.a(fclose.XX_elo)
 .libc._Closreg
                  0x000df6         0x12 c:/program files (x86)/microchip/xc16/v1.35/bin/bin/../../lib\liblega-c-elf.a(fclose.XX_elo)
                  0x000df6                  __Closreg
 .libc.fclose     0x000e08         0x90 c:/program files (x86)/microchip/xc16/v1.35/bin/bin/../../lib\liblega-c-elf.a(fclose.XX_elo)
                  0x000e08                  _fclose
 .libc.closeall
                  0x000e98         0x20 c:/program files (x86)/microchip/xc16/v1.35/bin/bin/../../lib\liblega-c-elf.a(fclose.XX_elo)
                  0x000e98                  fclose.XX_elo:_closeall
 .libc._DNKfflush
                  0x000eb8         0x74 c:/program files (x86)/microchip/xc16/v1.35/bin/bin/../../lib\liblega-c-elf.a(fflush.XX_elo)
                  0x000eb8                  __DNKfflush
 .libc._Atexit    0x000f2c         0x18 c:/program files (x86)/microchip/xc16/v1.35/bin/bin/../../lib\liblega-c-elf.a(xatexit.XX_elo)
                  0x000f2c                  __Atexit
 .libc.__Printf_cdfFnopuxX
                  0x000f44        0x164 c:/program files (x86)/microchip/xc16/v1.35/bin/bin/../../lib\liblega-c-elf.a(xprintf_cdfFnopuxX.XXeo)
                  0x000f44                  ___Printf_cdfFnopuxX
 .libc.__Putfld_cdfFnopuxX
                  0x0010a8        0x2a6 c:/program files (x86)/microchip/xc16/v1.35/bin/bin/../../lib\liblega-c-elf.a(xputfld_cdfFnopuxX.XXeo)
                  0x0010a8                  ___Putfld_cdfFnopuxX
 .libc.__Ldtob_cdfFnopuxX
                  0x00134e        0x250 c:/program files (x86)/microchip/xc16/v1.35/bin/bin/../../lib\liblega-c-elf.a(xldtob_cdfFnopuxX.XXeo)
                  0x00134e                  ___Ldtob_cdfFnopuxX
 .libc.__Genld_cdfFnopuxX
                  0x00159e        0x208 c:/program files (x86)/microchip/xc16/v1.35/bin/bin/../../lib\liblega-c-elf.a(xgenld_cdfFnopuxX.XXeo)
                  0x00159e                  ___Genld_cdfFnopuxX
 .libc.div        0x0017a6         0x16 c:/program files (x86)/microchip/xc16/v1.35/bin/bin/../../lib\liblega-c-elf.a(div.XX_eo)
                  0x0017a6                  _div
 .libc.free       0x0017bc         0x64 c:/program files (x86)/microchip/xc16/v1.35/bin/bin/../../lib\liblega-c-elf.a(free.XX_eo)
                  0x0017bc                  _free
 .libc.ldiv       0x001820         0x2a c:/program files (x86)/microchip/xc16/v1.35/bin/bin/../../lib\liblega-c-elf.a(ldiv.XX_eo)
                  0x001820                  _ldiv
 .libc.findmem    0x00184a         0x66 c:/program files (x86)/microchip/xc16/v1.35/bin/bin/../../lib\liblega-c-elf.a(malloc.XX_eo)
 .libc.malloc     0x0018b0         0x54 c:/program files (x86)/microchip/xc16/v1.35/bin/bin/../../lib\liblega-c-elf.a(malloc.XX_eo)
                  0x0018b0                  _malloc
 .libc.strchr     0x001904         0x18 c:/program files (x86)/microchip/xc16/v1.35/bin/bin/../../lib\liblega-c-elf.a(strchr.XX_eo)
                  0x001904                  _strchr
 .libc._Getmem    0x00191c         0x14 c:/program files (x86)/microchip/xc16/v1.35/bin/bin/../../lib\liblega-c-elf.a(xgetmem.XX_eo)
                  0x00191c                  __Getmem
 .libc._LDunscale
                  0x001930         0x54 c:/program files (x86)/microchip/xc16/v1.35/bin/bin/../../lib\liblega-c-elf.a(xldunsca.XX_eo)
                  0x001930                  __LDunscale
 .libc._Litob     0x001984        0x25e c:/program files (x86)/microchip/xc16/v1.35/bin/bin/../../lib\liblega-c-elf.a(xlitob.XX_eo)
                  0x001984                  __Litob
 .libc._Puttxt    0x001be2        0x178 c:/program files (x86)/microchip/xc16/v1.35/bin/bin/../../lib\liblega-c-elf.a(xputtxt.XX_eo)
                  0x001be2                  __Puttxt
 .libc._Vacopy    0x001d5a          0x4 c:/program files (x86)/microchip/xc16/v1.35/bin/bin/../../lib\liblega-c-elf.a(xvacopy.XX_eo)
                  0x001d5a                  __Vacopy
 .libc._Dnorm     0x001d5e         0x98 c:/program files (x86)/microchip/xc16/v1.35/bin/bin/../../lib\liblega-c-elf.a(xdnorm.XX_elo)
                  0x001d5e                  __Dnorm
 .libc.doclose    0x001df6          0x4 c:/program files (x86)/microchip/xc16/v1.35/bin/bin/../../lib\liblega-pic30-elf.a(close.Leo)
 .libc.dowrite    0x001dfa          0x4 c:/program files (x86)/microchip/xc16/v1.35/bin/bin/../../lib\liblega-pic30-elf.a(write.Leo)
 .libc.doremove
                  0x001dfe          0x4 c:/program files (x86)/microchip/xc16/v1.35/bin/bin/../../lib\liblega-pic30-elf.a(remove.Leo)
 .libm.eqdf2      0x001e02          0xa c:/program files (x86)/microchip/xc16/v1.35/bin/bin/../../lib\libm-elf.a(deqltle.eo)
                  0x001e02                  ___eqdf2
                  0x001e02                  ___ltdf2
                  0x001e02                  ___ledf2
 .libm.gtdf2      0x001e0c          0xa c:/program files (x86)/microchip/xc16/v1.35/bin/bin/../../lib\libm-elf.a(dgtge.eo)
                  0x001e0c                  ___gtdf2
                  0x001e0c                  ___gedf2
 .libm.divsi3     0x001e16         0x1e c:/program files (x86)/microchip/xc16/v1.35/bin/bin/../../lib\libm-elf.a(divsi3.eo)
                  0x001e16                  ___divsi3
 .libm.fixdfsi    0x001e34         0x58 c:/program files (x86)/microchip/xc16/v1.35/bin/bin/../../lib\libm-elf.a(fixdfsi.eo)
                  0x001e34                  _(float, int, long long, double, float, short, int)
 .libm.floatsidf
                  0x001e8c          0x6 c:/program files (x86)/microchip/xc16/v1.35/bin/bin/../../lib\libm-elf.a(floatsidf.eo)
                  0x001e8c                  ___floatsidf
 .libm.umodsi3    0x001e92          0x6 c:/program files (x86)/microchip/xc16/v1.35/bin/bin/../../lib\libm-elf.a(umodsi3.eo)
                  0x001e92                  ___umodsi3
 .libm.mulsi3     0x001e98          0xc c:/program files (x86)/microchip/xc16/v1.35/bin/bin/../../lib\libm-elf.a(mulsi3.eo)
                  0x001e98                  ___mulp32peds3
                  0x001e98                  ___mulsi3
                  0x001e98                  ___mulp32eds3
 .libm.__PplusBdi
                  0x001ea4         0x26 c:/program files (x86)/microchip/xc16/v1.35/bin/bin/../../lib\libm-elf.a(divmoddi3.eo)
 .libm.__PminusBdi
                  0x001eca         0x26 c:/program files (x86)/microchip/xc16/v1.35/bin/bin/../../lib\libm-elf.a(divmoddi3.eo)
 .libm.__udivmoddi3
                  0x001ef0         0xe6 c:/program files (x86)/microchip/xc16/v1.35/bin/bin/../../lib\libm-elf.a(divmoddi3.eo)
                  0x001ef0                  ___udivmoddi3
 .libm.__udivdi3
                  0x001fd6          0xe c:/program files (x86)/microchip/xc16/v1.35/bin/bin/../../lib\libm-elf.a(divmoddi3.eo)
                  0x001fd6                  ___udivdi3
 .libm.__umoddi3
                  0x001fe4          0x8 c:/program files (x86)/microchip/xc16/v1.35/bin/bin/../../lib\libm-elf.a(divmoddi3.eo)
                  0x001fe4                  ___umoddi3
 .libm.__divdi3
                  0x001fec         0x60 c:/program files (x86)/microchip/xc16/v1.35/bin/bin/../../lib\libm-elf.a(divmoddi3.eo)
                  0x001fec                  ___divdi3
 .libm.__moddi3
                  0x00204c         0x5c c:/program files (x86)/microchip/xc16/v1.35/bin/bin/../../lib\libm-elf.a(divmoddi3.eo)
                  0x00204c                  ___moddi3
 .libm.dcompare
                  0x0020a8         0x52 c:/program files (x86)/microchip/xc16/v1.35/bin/bin/../../lib\libm-elf.a(dcompare.eo)
                  0x0020a8                  __dcompare
 .libm.dtype      0x0020fa         0x24 c:/program files (x86)/microchip/xc16/v1.35/bin/bin/../../lib\libm-elf.a(dtype.eo)
                  0x0020fa                  __dtype
 .libm.floatdidf
                  0x00211e         0x20 c:/program files (x86)/microchip/xc16/v1.35/bin/bin/../../lib\libm-elf.a(floatdidf.eo)
                  0x00211e                  ___floatdidf
 .libm.floatundidf
                  0x00213e         0x56 c:/program files (x86)/microchip/xc16/v1.35/bin/bin/../../lib\libm-elf.a(floatundidf.eo)
                  0x00213e                  ___floatundidf

usercode
 *(usercode)

__FBS             0xf80000          0x2
 *(__FBS.sec*)
 __FBS.sec        0xf80000          0x2 /CW/_FBSð$($__FBS.sec
                  0xf80000                  __FBS.sec

__FGS             0xf80004          0x2
 *(__FGS.sec*)
 __FGS.sec        0xf80004          0x2 /CW/_FGS
                  0xf80004                  __FGS.sec

__FOSCSEL
 *(__FOSCSEL.sec*)

__FOSC
 *(__FOSC.sec*)

__FWDT
 *(__FWDT.sec*)

__FPOR
 *(__FPOR.sec*)

__FICD
 *(__FICD.sec*)

.comment          0x000000         0x5e
 *(.comment)
 .comment         0x000000         0x5e c:/program files (x86)/microchip/xc16/v1.35/bin/bin/../../lib\liblega-c-elf.a(xfiles.XX_eo)

.debug_info       0x000000        0x98f
 *(.debug_info)
 .debug_info      0x000000        0x98f build/default/production/newmainXC16.o
 *(.gnu.linkonce.wi.*)

.debug_abbrev     0x000000        0x124
 *(.debug_abbrev)
 .debug_abbrev    0x000000        0x124 build/default/production/newmainXC16.o

.debug_line       0x000000        0x179
 *(.debug_line)
 .debug_line      0x000000        0x179 build/default/production/newmainXC16.o

.debug_frame      0x000000         0xb0
 *(.debug_frame)
 .debug_frame     0x000000         0xb0 build/default/production/newmainXC16.o

.debug_str        0x000000         0x32
 *(.debug_str)
 .debug_str       0x000000         0x32 build/default/production/newmainXC16.o

.debug_loc
 *(.debug_loc)

.debug_macinfo
 *(.debug_macinfo)

.debug_pubnames
                  0x000000         0x65
 *(.debug_pubnames)
 .debug_pubnames
                  0x000000         0x65 build/default/production/newmainXC16.o

.debug_ranges
 *(.debug_ranges)

.debug_aranges    0x000000         0x18
 *(.debug_aranges)
 .debug_aranges
                  0x000000         0x18 build/default/production/newmainXC16.o
                    0x0000                  WREG0 = 0x0
                    0x0000                  _WREG0 = 0x0
                    0x0002                  WREG1 = 0x2
                    0x0002                  _WREG1 = 0x2
                    0x0004                  WREG2 = 0x4
                    0x0004                  _WREG2 = 0x4
                    0x0006                  WREG3 = 0x6
                    0x0006                  _WREG3 = 0x6
                    0x0008                  WREG4 = 0x8
                    0x0008                  _WREG4 = 0x8
                    0x000a                  WREG5 = 0xa
                    0x000a                  _WREG5 = 0xa
                    0x000c                  WREG6 = 0xc
                    0x000c                  _WREG6 = 0xc
                    0x000e                  WREG7 = 0xe
                    0x000e                  _WREG7 = 0xe
                    0x0010                  WREG8 = 0x10
                    0x0010                  _WREG8 = 0x10
                    0x0012                  WREG9 = 0x12
                    0x0012                  _WREG9 = 0x12
                    0x0014                  WREG10 = 0x14
                    0x0014                  _WREG10 = 0x14
                    0x0016                  WREG11 = 0x16
                    0x0016                  _WREG11 = 0x16
                    0x0018                  WREG12 = 0x18
                    0x0018                  _WREG12 = 0x18
                    0x001a                  WREG13 = 0x1a
                    0x001a                  _WREG13 = 0x1a
                    0x001c                  WREG14 = 0x1c
                    0x001c                  _WREG14 = 0x1c
                    0x001e                  WREG15 = 0x1e
                    0x001e                  _WREG15 = 0x1e
                    0x0020                  SPLIM = 0x20
                    0x0020                  _SPLIM = 0x20
                    0x002e                  PCL = 0x2e
                    0x002e                  _PCL = 0x2e
                    0x0030                  PCH = 0x30
                    0x0030                  _PCH = 0x30
                    0x0032                  TBLPAG = 0x32
                    0x0032                  _TBLPAG = 0x32
                    0x0032                  _TBLPAGbits = 0x32
                    0x0034                  PSVPAG = 0x34
                    0x0034                  _PSVPAG = 0x34
                    0x0034                  _PSVPAGbits = 0x34
                    0x0036                  RCOUNT = 0x36
                    0x0036                  _RCOUNT = 0x36
                    0x0042                  SR = 0x42
                    0x0042                  _SR = 0x42
                    0x0042                  _SRbits = 0x42
                    0x0044                  CORCON = 0x44
                    0x0044                  _CORCON = 0x44
                    0x0044                  _CORCONbits = 0x44
                    0x0052                  DISICNT = 0x52
                    0x0052                  _DISICNT = 0x52
                    0x0052                  _DISICNTbits = 0x52
                    0x0056                  CNPD1 = 0x56
                    0x0056                  _CNPD1 = 0x56
                    0x0056                  _CNPD1bits = 0x56
                    0x0058                  CNPD2 = 0x58
                    0x0058                  _CNPD2 = 0x58
                    0x0058                  _CNPD2bits = 0x58
                    0x0062                  CNEN1 = 0x62
                    0x0062                  _CNEN1 = 0x62
                    0x0062                  _CNEN1bits = 0x62
                    0x0064                  CNEN2 = 0x64
                    0x0064                  _CNEN2 = 0x64
                    0x0064                  _CNEN2bits = 0x64
                    0x006e                  CNPU1 = 0x6e
                    0x006e                  _CNPU1 = 0x6e
                    0x006e                  _CNPU1bits = 0x6e
                    0x0070                  CNPU2 = 0x70
                    0x0070                  _CNPU2 = 0x70
                    0x0070                  _CNPU2bits = 0x70
                    0x0080                  INTCON1 = 0x80
                    0x0080                  _INTCON1 = 0x80
                    0x0080                  _INTCON1bits = 0x80
                    0x0082                  INTCON2 = 0x82
                    0x0082                  _INTCON2 = 0x82
                    0x0082                  _INTCON2bits = 0x82
                    0x0084                  IFS0 = 0x84
                    0x0084                  _IFS0 = 0x84
                    0x0084                  _IFS0bits = 0x84
                    0x0086                  IFS1 = 0x86
                    0x0086                  _IFS1 = 0x86
                    0x0086                  _IFS1bits = 0x86
                    0x0088                  IFS2 = 0x88
                    0x0088                  _IFS2 = 0x88
                    0x0088                  _IFS2bits = 0x88
                    0x008a                  IFS3 = 0x8a
                    0x008a                  _IFS3 = 0x8a
                    0x008a                  _IFS3bits = 0x8a
                    0x008c                  IFS4 = 0x8c
                    0x008c                  _IFS4 = 0x8c
                    0x008c                  _IFS4bits = 0x8c
                    0x008e                  IFS5 = 0x8e
                    0x008e                  _IFS5 = 0x8e
                    0x008e                  _IFS5bits = 0x8e
                    0x0090                  IFS6 = 0x90
                    0x0090                  _IFS6 = 0x90
                    0x0090                  _IFS6bits = 0x90
                    0x0094                  IEC0 = 0x94
                    0x0094                  _IEC0 = 0x94
                    0x0094                  _IEC0bits = 0x94
                    0x0096                  IEC1 = 0x96
                    0x0096                  _IEC1 = 0x96
                    0x0096                  _IEC1bits = 0x96
                    0x0098                  IEC2 = 0x98
                    0x0098                  _IEC2 = 0x98
                    0x0098                  _IEC2bits = 0x98
                    0x009a                  IEC3 = 0x9a
                    0x009a                  _IEC3 = 0x9a
                    0x009a                  _IEC3bits = 0x9a
                    0x009c                  IEC4 = 0x9c
                    0x009c                  _IEC4 = 0x9c
                    0x009c                  _IEC4bits = 0x9c
                    0x009e                  IEC5 = 0x9e
                    0x009e                  _IEC5 = 0x9e
                    0x009e                  _IEC5bits = 0x9e
                    0x00a0                  IEC6 = 0xa0
                    0x00a0                  _IEC6 = 0xa0
                    0x00a0                  _IEC6bits = 0xa0
                    0x00a4                  IPC0 = 0xa4
                    0x00a4                  _IPC0 = 0xa4
                    0x00a4                  _IPC0bits = 0xa4
                    0x00a6                  IPC1 = 0xa6
                    0x00a6                  _IPC1 = 0xa6
                    0x00a6                  _IPC1bits = 0xa6
                    0x00a8                  IPC2 = 0xa8
                    0x00a8                  _IPC2 = 0xa8
                    0x00a8                  _IPC2bits = 0xa8
                    0x00aa                  IPC3 = 0xaa
                    0x00aa                  _IPC3 = 0xaa
                    0x00aa                  _IPC3bits = 0xaa
                    0x00ac                  IPC4 = 0xac
                    0x00ac                  _IPC4 = 0xac
                    0x00ac                  _IPC4bits = 0xac
                    0x00ae                  IPC5 = 0xae
                    0x00ae                  _IPC5 = 0xae
                    0x00ae                  _IPC5bits = 0xae
                    0x00b0                  IPC6 = 0xb0
                    0x00b0                  _IPC6 = 0xb0
                    0x00b0                  _IPC6bits = 0xb0
                    0x00b2                  IPC7 = 0xb2
                    0x00b2                  _IPC7 = 0xb2
                    0x00b2                  _IPC7bits = 0xb2
                    0x00b8                  IPC10 = 0xb8
                    0x00b8                  _IPC10 = 0xb8
                    0x00b8                  _IPC10bits = 0xb8
                    0x00bc                  IPC12 = 0xbc
                    0x00bc                  _IPC12 = 0xbc
                    0x00bc                  _IPC12bits = 0xbc
                    0x00c2                  IPC15 = 0xc2
                    0x00c2                  _IPC15 = 0xc2
                    0x00c2                  _IPC15bits = 0xc2
                    0x00c4                  IPC16 = 0xc4
                    0x00c4                  _IPC16 = 0xc4
                    0x00c4                  _IPC16bits = 0xc4
                    0x00c8                  IPC18 = 0xc8
                    0x00c8                  _IPC18 = 0xc8
                    0x00c8                  _IPC18bits = 0xc8
                    0x00ca                  IPC19 = 0xca
                    0x00ca                  _IPC19 = 0xca
                    0x00ca                  _IPC19bits = 0xca
                    0x00cc                  IPC20 = 0xcc
                    0x00cc                  _IPC20 = 0xcc
                    0x00cc                  _IPC20bits = 0xcc
                    0x00d4                  IPC24 = 0xd4
                    0x00d4                  _IPC24 = 0xd4
                    0x00d4                  _IPC24bits = 0xd4
                    0x00e0                  INTTREG = 0xe0
                    0x00e0                  _INTTREG = 0xe0
                    0x00e0                  _INTTREGbits = 0xe0
                    0x0100                  TMR1 = 0x100
                    0x0100                  _TMR1 = 0x100
                    0x0102                  PR1 = 0x102
                    0x0102                  _PR1 = 0x102
                    0x0104                  T1CON = 0x104
                    0x0104                  _T1CON = 0x104
                    0x0104                  _T1CONbits = 0x104
                    0x0122                  CLC1CONL = 0x122
                    0x0122                  _CLC1CONL = 0x122
                    0x0122                  _CLC1CONLbits = 0x122
                    0x0124                  CLC1CONH = 0x124
                    0x0124                  _CLC1CONH = 0x124
                    0x0124                  _CLC1CONHbits = 0x124
                    0x0126                  CLC1SEL = 0x126
                    0x0126                  _CLC1SEL = 0x126
                    0x0126                  _CLC1SELbits = 0x126
                    0x0126                  CLC1SELL = 0x126
                    0x0126                  _CLC1SELL = 0x126
                    0x0126                  _CLC1SELLbits = 0x126
                    0x012a                  CLC1GLSL = 0x12a
                    0x012a                  _CLC1GLSL = 0x12a
                    0x012a                  _CLC1GLSLbits = 0x12a
                    0x012c                  CLC1GLSH = 0x12c
                    0x012c                  _CLC1GLSH = 0x12c
                    0x012c                  _CLC1GLSHbits = 0x12c
                    0x012e                  CLC2CONL = 0x12e
                    0x012e                  _CLC2CONL = 0x12e
                    0x012e                  _CLC2CONLbits = 0x12e
                    0x0130                  CLC2CONH = 0x130
                    0x0130                  _CLC2CONH = 0x130
                    0x0130                  _CLC2CONHbits = 0x130
                    0x0132                  CLC2SEL = 0x132
                    0x0132                  _CLC2SEL = 0x132
                    0x0132                  _CLC2SELbits = 0x132
                    0x0132                  CLC2SELL = 0x132
                    0x0132                  _CLC2SELL = 0x132
                    0x0132                  _CLC2SELLbits = 0x132
                    0x0136                  CLC2GLSL = 0x136
                    0x0136                  _CLC2GLSL = 0x136
                    0x0136                  _CLC2GLSLbits = 0x136
                    0x0138                  CLC2GLSH = 0x138
                    0x0138                  _CLC2GLSH = 0x138
                    0x0138                  _CLC2GLSHbits = 0x138
                    0x0140                  CCP1CON1L = 0x140
                    0x0140                  _CCP1CON1L = 0x140
                    0x0140                  _CCP1CON1Lbits = 0x140
                    0x0142                  CCP1CON1H = 0x142
                    0x0142                  _CCP1CON1H = 0x142
                    0x0142                  _CCP1CON1Hbits = 0x142
                    0x0144                  CCP1CON2L = 0x144
                    0x0144                  _CCP1CON2L = 0x144
                    0x0144                  _CCP1CON2Lbits = 0x144
                    0x0146                  CCP1CON2H = 0x146
                    0x0146                  _CCP1CON2H = 0x146
                    0x0146                  _CCP1CON2Hbits = 0x146
                    0x0148                  CCP1CON3L = 0x148
                    0x0148                  _CCP1CON3L = 0x148
                    0x0148                  _CCP1CON3Lbits = 0x148
                    0x014a                  CCP1CON3H = 0x14a
                    0x014a                  _CCP1CON3H = 0x14a
                    0x014a                  _CCP1CON3Hbits = 0x14a
                    0x014c                  CCP1STAT = 0x14c
                    0x014c                  _CCP1STAT = 0x14c
                    0x014c                  _CCP1STATbits = 0x14c
                    0x014c                  CCP1STATL = 0x14c
                    0x014c                  _CCP1STATL = 0x14c
                    0x014c                  _CCP1STATLbits = 0x14c
                    0x0150                  CCP1TMRL = 0x150
                    0x0150                  _CCP1TMRL = 0x150
                    0x0152                  CCP1TMRH = 0x152
                    0x0152                  _CCP1TMRH = 0x152
                    0x0154                  CCP1PRL = 0x154
                    0x0154                  _CCP1PRL = 0x154
                    0x0156                  CCP1PRH = 0x156
                    0x0156                  _CCP1PRH = 0x156
                    0x0158                  CCP1RA = 0x158
                    0x0158                  _CCP1RA = 0x158
                    0x0158                  CCP1RAL = 0x158
                    0x0158                  _CCP1RAL = 0x158
                    0x015c                  CCP1RB = 0x15c
                    0x015c                  _CCP1RB = 0x15c
                    0x015c                  CCP1RBL = 0x15c
                    0x015c                  _CCP1RBL = 0x15c
                    0x0160                  CCP1BUFL = 0x160
                    0x0160                  _CCP1BUFL = 0x160
                    0x0162                  CCP1BUFH = 0x162
                    0x0162                  _CCP1BUFH = 0x162
                    0x0164                  CCP2CON1L = 0x164
                    0x0164                  _CCP2CON1L = 0x164
                    0x0164                  _CCP2CON1Lbits = 0x164
                    0x0166                  CCP2CON1H = 0x166
                    0x0166                  _CCP2CON1H = 0x166
                    0x0166                  _CCP2CON1Hbits = 0x166
                    0x0168                  CCP2CON2L = 0x168
                    0x0168                  _CCP2CON2L = 0x168
                    0x0168                  _CCP2CON2Lbits = 0x168
                    0x016a                  CCP2CON2H = 0x16a
                    0x016a                  _CCP2CON2H = 0x16a
                    0x016a                  _CCP2CON2Hbits = 0x16a
                    0x016c                  CCP2CON3L = 0x16c
                    0x016c                  _CCP2CON3L = 0x16c
                    0x016c                  _CCP2CON3Lbits = 0x16c
                    0x016e                  CCP2CON3H = 0x16e
                    0x016e                  _CCP2CON3H = 0x16e
                    0x016e                  _CCP2CON3Hbits = 0x16e
                    0x0170                  CCP2STAT = 0x170
                    0x0170                  _CCP2STAT = 0x170
                    0x0170                  _CCP2STATbits = 0x170
                    0x0170                  CCP2STATL = 0x170
                    0x0170                  _CCP2STATL = 0x170
                    0x0170                  _CCP2STATLbits = 0x170
                    0x0174                  CCP2TMRL = 0x174
                    0x0174                  _CCP2TMRL = 0x174
                    0x0176                  CCP2TMRH = 0x176
                    0x0176                  _CCP2TMRH = 0x176
                    0x0178                  CCP2PRL = 0x178
                    0x0178                  _CCP2PRL = 0x178
                    0x017a                  CCP2PRH = 0x17a
                    0x017a                  _CCP2PRH = 0x17a
                    0x017c                  CCP2RA = 0x17c
                    0x017c                  _CCP2RA = 0x17c
                    0x017c                  CCP2RAL = 0x17c
                    0x017c                  _CCP2RAL = 0x17c
                    0x0180                  CCP2RB = 0x180
                    0x0180                  _CCP2RB = 0x180
                    0x0180                  CCP2RBL = 0x180
                    0x0180                  _CCP2RBL = 0x180
                    0x0184                  CCP2BUFL = 0x184
                    0x0184                  _CCP2BUFL = 0x184
                    0x0186                  CCP2BUFH = 0x186
                    0x0186                  _CCP2BUFH = 0x186
                    0x0188                  CCP3CON1L = 0x188
                    0x0188                  _CCP3CON1L = 0x188
                    0x0188                  _CCP3CON1Lbits = 0x188
                    0x018a                  CCP3CON1H = 0x18a
                    0x018a                  _CCP3CON1H = 0x18a
                    0x018a                  _CCP3CON1Hbits = 0x18a
                    0x018c                  CCP3CON2L = 0x18c
                    0x018c                  _CCP3CON2L = 0x18c
                    0x018c                  _CCP3CON2Lbits = 0x18c
                    0x018e                  CCP3CON2H = 0x18e
                    0x018e                  _CCP3CON2H = 0x18e
                    0x018e                  _CCP3CON2Hbits = 0x18e
                    0x0190                  CCP3CON3L = 0x190
                    0x0190                  _CCP3CON3L = 0x190
                    0x0190                  _CCP3CON3Lbits = 0x190
                    0x0192                  CCP3CON3H = 0x192
                    0x0192                  _CCP3CON3H = 0x192
                    0x0192                  _CCP3CON3Hbits = 0x192
                    0x0194                  CCP3STAT = 0x194
                    0x0194                  _CCP3STAT = 0x194
                    0x0194                  _CCP3STATbits = 0x194
                    0x0194                  CCP3STATL = 0x194
                    0x0194                  _CCP3STATL = 0x194
                    0x0194                  _CCP3STATLbits = 0x194
                    0x0198                  CCP3TMRL = 0x198
                    0x0198                  _CCP3TMRL = 0x198
                    0x019a                  CCP3TMRH = 0x19a
                    0x019a                  _CCP3TMRH = 0x19a
                    0x019c                  CCP3PRL = 0x19c
                    0x019c                  _CCP3PRL = 0x19c
                    0x019e                  CCP3PRH = 0x19e
                    0x019e                  _CCP3PRH = 0x19e
                    0x01a0                  CCP3RA = 0x1a0
                    0x01a0                  _CCP3RA = 0x1a0
                    0x01a0                  CCP3RAL = 0x1a0
                    0x01a0                  _CCP3RAL = 0x1a0
                    0x01a4                  CCP3RB = 0x1a4
                    0x01a4                  _CCP3RB = 0x1a4
                    0x01a4                  CCP3RBL = 0x1a4
                    0x01a4                  _CCP3RBL = 0x1a4
                    0x01a8                  CCP3BUFL = 0x1a8
                    0x01a8                  _CCP3BUFL = 0x1a8
                    0x01aa                  CCP3BUFH = 0x1aa
                    0x01aa                  _CCP3BUFH = 0x1aa
                    0x01ac                  CCP4CON1L = 0x1ac
                    0x01ac                  _CCP4CON1L = 0x1ac
                    0x01ac                  _CCP4CON1Lbits = 0x1ac
                    0x01ae                  CCP4CON1H = 0x1ae
                    0x01ae                  _CCP4CON1H = 0x1ae
                    0x01ae                  _CCP4CON1Hbits = 0x1ae
                    0x01b0                  CCP4CON2L = 0x1b0
                    0x01b0                  _CCP4CON2L = 0x1b0
                    0x01b0                  _CCP4CON2Lbits = 0x1b0
                    0x01b2                  CCP4CON2H = 0x1b2
                    0x01b2                  _CCP4CON2H = 0x1b2
                    0x01b2                  _CCP4CON2Hbits = 0x1b2
                    0x01b6                  CCP4CON3H = 0x1b6
                    0x01b6                  _CCP4CON3H = 0x1b6
                    0x01b6                  _CCP4CON3Hbits = 0x1b6
                    0x01b8                  CCP4STAT = 0x1b8
                    0x01b8                  _CCP4STAT = 0x1b8
                    0x01b8                  _CCP4STATbits = 0x1b8
                    0x01b8                  CCP4STATL = 0x1b8
                    0x01b8                  _CCP4STATL = 0x1b8
                    0x01b8                  _CCP4STATLbits = 0x1b8
                    0x01bc                  CCP4TMRL = 0x1bc
                    0x01bc                  _CCP4TMRL = 0x1bc
                    0x01be                  CCP4TMRH = 0x1be
                    0x01be                  _CCP4TMRH = 0x1be
                    0x01c0                  CCP4PRL = 0x1c0
                    0x01c0                  _CCP4PRL = 0x1c0
                    0x01c2                  CCP4PRH = 0x1c2
                    0x01c2                  _CCP4PRH = 0x1c2
                    0x01c4                  CCP4RA = 0x1c4
                    0x01c4                  _CCP4RA = 0x1c4
                    0x01c4                  CCP4RAL = 0x1c4
                    0x01c4                  _CCP4RAL = 0x1c4
                    0x01c8                  CCP4RB = 0x1c8
                    0x01c8                  _CCP4RB = 0x1c8
                    0x01c8                  CCP4RBL = 0x1c8
                    0x01c8                  _CCP4RBL = 0x1c8
                    0x01cc                  CCP4BUFL = 0x1cc
                    0x01cc                  _CCP4BUFL = 0x1cc
                    0x01ce                  CCP4BUFH = 0x1ce
                    0x01ce                  _CCP4BUFH = 0x1ce
                    0x01d0                  CCP5CON1L = 0x1d0
                    0x01d0                  _CCP5CON1L = 0x1d0
                    0x01d0                  _CCP5CON1Lbits = 0x1d0
                    0x01d2                  CCP5CON1H = 0x1d2
                    0x01d2                  _CCP5CON1H = 0x1d2
                    0x01d2                  _CCP5CON1Hbits = 0x1d2
                    0x01d4                  CCP5CON2L = 0x1d4
                    0x01d4                  _CCP5CON2L = 0x1d4
                    0x01d4                  _CCP5CON2Lbits = 0x1d4
                    0x01d6                  CCP5CON2H = 0x1d6
                    0x01d6                  _CCP5CON2H = 0x1d6
                    0x01d6                  _CCP5CON2Hbits = 0x1d6
                    0x01da                  CCP5CON3H = 0x1da
                    0x01da                  _CCP5CON3H = 0x1da
                    0x01da                  _CCP5CON3Hbits = 0x1da
                    0x01dc                  CCP5STAT = 0x1dc
                    0x01dc                  _CCP5STAT = 0x1dc
                    0x01dc                  _CCP5STATbits = 0x1dc
                    0x01dc                  CCP5STATL = 0x1dc
                    0x01dc                  _CCP5STATL = 0x1dc
                    0x01dc                  _CCP5STATLbits = 0x1dc
                    0x01e0                  CCP5TMRL = 0x1e0
                    0x01e0                  _CCP5TMRL = 0x1e0
                    0x01e2                  CCP5TMRH = 0x1e2
                    0x01e2                  _CCP5TMRH = 0x1e2
                    0x01e4                  CCP5PRL = 0x1e4
                    0x01e4                  _CCP5PRL = 0x1e4
                    0x01e6                  CCP5PRH = 0x1e6
                    0x01e6                  _CCP5PRH = 0x1e6
                    0x01e8                  CCP5RA = 0x1e8
                    0x01e8                  _CCP5RA = 0x1e8
                    0x01e8                  CCP5RAL = 0x1e8
                    0x01e8                  _CCP5RAL = 0x1e8
                    0x01ec                  CCP5RB = 0x1ec
                    0x01ec                  _CCP5RB = 0x1ec
                    0x01ec                  CCP5RBL = 0x1ec
                    0x01ec                  _CCP5RBL = 0x1ec
                    0x01f0                  CCP5BUFL = 0x1f0
                    0x01f0                  _CCP5BUFL = 0x1f0
                    0x01f2                  CCP5BUFH = 0x1f2
                    0x01f2                  _CCP5BUFH = 0x1f2
                    0x0200                  SPI1BUF = 0x200
                    0x0200                  _SPI1BUF = 0x200
                    0x0200                  _SPI1BUFbits = 0x200
                    0x0200                  SSP1BUF = 0x200
                    0x0200                  _SSP1BUF = 0x200
                    0x0200                  _SSP1BUFbits = 0x200
                    0x0202                  SSP1CON1 = 0x202
                    0x0202                  _SSP1CON1 = 0x202
                    0x0202                  _SSP1CON1bits = 0x202
                    0x0204                  SSP1CON2 = 0x204
                    0x0204                  _SSP1CON2 = 0x204
                    0x0204                  _SSP1CON2bits = 0x204
                    0x0206                  SSP1CON3 = 0x206
                    0x0206                  _SSP1CON3 = 0x206
                    0x0206                  _SSP1CON3bits = 0x206
                    0x0208                  SSP1STAT = 0x208
                    0x0208                  _SSP1STAT = 0x208
                    0x0208                  _SSP1STATbits = 0x208
                    0x020a                  I2C1ADD = 0x20a
                    0x020a                  _I2C1ADD = 0x20a
                    0x020a                  _I2C1ADDbits = 0x20a
                    0x020a                  I2C1BRG = 0x20a
                    0x020a                  _I2C1BRG = 0x20a
                    0x020a                  _I2C1BRGbits = 0x20a
                    0x020a                  SSP1ADD = 0x20a
                    0x020a                  _SSP1ADD = 0x20a
                    0x020a                  _SSP1ADDbits = 0x20a
                    0x020a                  SSP1BRG = 0x20a
                    0x020a                  _SSP1BRG = 0x20a
                    0x020a                  _SSP1BRGbits = 0x20a
                    0x020c                  I2C1MSK = 0x20c
                    0x020c                  _I2C1MSK = 0x20c
                    0x020c                  _I2C1MSKbits = 0x20c
                    0x020c                  SSP1MSK = 0x20c
                    0x020c                  _SSP1MSK = 0x20c
                    0x020c                  _SSP1MSKbits = 0x20c
                    0x0210                  SPI2BUF = 0x210
                    0x0210                  _SPI2BUF = 0x210
                    0x0210                  _SPI2BUFbits = 0x210
                    0x0210                  SSP2BUF = 0x210
                    0x0210                  _SSP2BUF = 0x210
                    0x0210                  _SSP2BUFbits = 0x210
                    0x0212                  SSP2CON1 = 0x212
                    0x0212                  _SSP2CON1 = 0x212
                    0x0212                  _SSP2CON1bits = 0x212
                    0x0214                  SSP2CON2 = 0x214
                    0x0214                  _SSP2CON2 = 0x214
                    0x0214                  _SSP2CON2bits = 0x214
                    0x0216                  SSP2CON3 = 0x216
                    0x0216                  _SSP2CON3 = 0x216
                    0x0216                  _SSP2CON3bits = 0x216
                    0x0218                  SSP2STAT = 0x218
                    0x0218                  _SSP2STAT = 0x218
                    0x0218                  _SSP2STATbits = 0x218
                    0x021a                  I2C2ADD = 0x21a
                    0x021a                  _I2C2ADD = 0x21a
                    0x021a                  _I2C2ADDbits = 0x21a
                    0x021a                  I2C2BRG = 0x21a
                    0x021a                  _I2C2BRG = 0x21a
                    0x021a                  _I2C2BRGbits = 0x21a
                    0x021a                  SSP2ADD = 0x21a
                    0x021a                  _SSP2ADD = 0x21a
                    0x021a                  _SSP2ADDbits = 0x21a
                    0x021a                  SSP2BRG = 0x21a
                    0x021a                  _SSP2BRG = 0x21a
                    0x021a                  _SSP2BRGbits = 0x21a
                    0x021c                  I2C2MSK = 0x21c
                    0x021c                  _I2C2MSK = 0x21c
                    0x021c                  _I2C2MSKbits = 0x21c
                    0x021c                  SSP2MSK = 0x21c
                    0x021c                  _SSP2MSK = 0x21c
                    0x021c                  _SSP2MSKbits = 0x21c
                    0x0220                  U1MODE = 0x220
                    0x0220                  _U1MODE = 0x220
                    0x0220                  _U1MODEbits = 0x220
                    0x0222                  U1STA = 0x222
                    0x0222                  _U1STA = 0x222
                    0x0222                  _U1STAbits = 0x222
                    0x0224                  U1TXREG = 0x224
                    0x0224                  _U1TXREG = 0x224
                    0x0226                  U1RXREG = 0x226
                    0x0226                  _U1RXREG = 0x226
                    0x0228                  U1BRG = 0x228
                    0x0228                  _U1BRG = 0x228
                    0x0230                  U2MODE = 0x230
                    0x0230                  _U2MODE = 0x230
                    0x0230                  _U2MODEbits = 0x230
                    0x0232                  U2STA = 0x232
                    0x0232                  _U2STA = 0x232
                    0x0232                  _U2STAbits = 0x232
                    0x0234                  U2TXREG = 0x234
                    0x0234                  _U2TXREG = 0x234
                    0x0236                  U2RXREG = 0x236
                    0x0236                  _U2RXREG = 0x236
                    0x0238                  U2BRG = 0x238
                    0x0238                  _U2BRG = 0x238
                    0x024a                  AMP1CON = 0x24a
                    0x024a                  _AMP1CON = 0x24a
                    0x024a                  _AMP1CONbits = 0x24a
                    0x024c                  AMP2CON = 0x24c
                    0x024c                  _AMP2CON = 0x24c
                    0x024c                  _AMP2CONbits = 0x24c
                    0x0274                  DAC1CON = 0x274
                    0x0274                  _DAC1CON = 0x274
                    0x0274                  _DAC1CONbits = 0x274
                    0x0276                  DAC1DAT = 0x276
                    0x0276                  _DAC1DAT = 0x276
                    0x0278                  DAC2CON = 0x278
                    0x0278                  _DAC2CON = 0x278
                    0x0278                  _DAC2CONbits = 0x278
                    0x027a                  DAC2DAT = 0x27a
                    0x027a                  _DAC2DAT = 0x27a
                    0x02c0                  TRISA = 0x2c0
                    0x02c0                  _TRISA = 0x2c0
                    0x02c0                  _TRISAbits = 0x2c0
                    0x02c2                  PORTA = 0x2c2
                    0x02c2                  _PORTA = 0x2c2
                    0x02c2                  _PORTAbits = 0x2c2
                    0x02c4                  LATA = 0x2c4
                    0x02c4                  _LATA = 0x2c4
                    0x02c4                  _LATAbits = 0x2c4
                    0x02c6                  ODCA = 0x2c6
                    0x02c6                  _ODCA = 0x2c6
                    0x02c6                  _ODCAbits = 0x2c6
                    0x02c8                  TRISB = 0x2c8
                    0x02c8                  _TRISB = 0x2c8
                    0x02c8                  _TRISBbits = 0x2c8
                    0x02ca                  PORTB = 0x2ca
                    0x02ca                  _PORTB = 0x2ca
                    0x02ca                  _PORTBbits = 0x2ca
                    0x02cc                  LATB = 0x2cc
                    0x02cc                  _LATB = 0x2cc
                    0x02cc                  _LATBbits = 0x2cc
                    0x02ce                  ODCB = 0x2ce
                    0x02ce                  _ODCB = 0x2ce
                    0x02ce                  _ODCBbits = 0x2ce
                    0x02fc                  PADCFG1 = 0x2fc
                    0x02fc                  _PADCFG1 = 0x2fc
                    0x02fc                  _PADCFG1bits = 0x2fc
                    0x0300                  ADC1BUF0 = 0x300
                    0x0300                  _ADC1BUF0 = 0x300
                    0x0302                  ADC1BUF1 = 0x302
                    0x0302                  _ADC1BUF1 = 0x302
                    0x0304                  ADC1BUF2 = 0x304
                    0x0304                  _ADC1BUF2 = 0x304
                    0x0306                  ADC1BUF3 = 0x306
                    0x0306                  _ADC1BUF3 = 0x306
                    0x0308                  ADC1BUF4 = 0x308
                    0x0308                  _ADC1BUF4 = 0x308
                    0x030a                  ADC1BUF5 = 0x30a
                    0x030a                  _ADC1BUF5 = 0x30a
                    0x030c                  ADC1BUF6 = 0x30c
                    0x030c                  _ADC1BUF6 = 0x30c
                    0x030e                  ADC1BUF7 = 0x30e
                    0x030e                  _ADC1BUF7 = 0x30e
                    0x0310                  ADC1BUF8 = 0x310
                    0x0310                  _ADC1BUF8 = 0x310
                    0x0312                  ADC1BUF9 = 0x312
                    0x0312                  _ADC1BUF9 = 0x312
                    0x0314                  ADC1BUF10 = 0x314
                    0x0314                  _ADC1BUF10 = 0x314
                    0x0316                  ADC1BUF11 = 0x316
                    0x0316                  _ADC1BUF11 = 0x316
                    0x0318                  ADC1BUF12 = 0x318
                    0x0318                  _ADC1BUF12 = 0x318
                    0x031a                  ADC1BUF13 = 0x31a
                    0x031a                  _ADC1BUF13 = 0x31a
                    0x031c                  ADC1BUF14 = 0x31c
                    0x031c                  _ADC1BUF14 = 0x31c
                    0x031e                  ADC1BUF15 = 0x31e
                    0x031e                  _ADC1BUF15 = 0x31e
                    0x0320                  ADC1BUF16 = 0x320
                    0x0320                  _ADC1BUF16 = 0x320
                    0x0322                  ADC1BUF17 = 0x322
                    0x0322                  _ADC1BUF17 = 0x322
                    0x0324                  ADC1BUF18 = 0x324
                    0x0324                  _ADC1BUF18 = 0x324
                    0x0326                  ADC1BUF19 = 0x326
                    0x0326                  _ADC1BUF19 = 0x326
                    0x0328                  ADC1BUF20 = 0x328
                    0x0328                  _ADC1BUF20 = 0x328
                    0x032a                  ADC1BUF21 = 0x32a
                    0x032a                  _ADC1BUF21 = 0x32a
                    0x032c                  ADC1BUF22 = 0x32c
                    0x032c                  _ADC1BUF22 = 0x32c
                    0x032e                  ADC1BUF23 = 0x32e
                    0x032e                  _ADC1BUF23 = 0x32e
                    0x0340                  AD1CON1 = 0x340
                    0x0340                  _AD1CON1 = 0x340
                    0x0340                  _AD1CON1bits = 0x340
                    0x0342                  AD1CON2 = 0x342
                    0x0342                  _AD1CON2 = 0x342
                    0x0342                  _AD1CON2bits = 0x342
                    0x0344                  AD1CON3 = 0x344
                    0x0344                  _AD1CON3 = 0x344
                    0x0344                  _AD1CON3bits = 0x344
                    0x0348                  AD1CHS = 0x348
                    0x0348                  _AD1CHS = 0x348
                    0x0348                  _AD1CHSbits = 0x348
                    0x0348                  AD1CHS0 = 0x348
                    0x0348                  _AD1CHS0 = 0x348
                    0x0348                  _AD1CHS0bits = 0x348
                    0x034e                  AD1CSSH = 0x34e
                    0x034e                  _AD1CSSH = 0x34e
                    0x034e                  _AD1CSSHbits = 0x34e
                    0x0350                  AD1CSSL = 0x350
                    0x0350                  _AD1CSSL = 0x350
                    0x0350                  _AD1CSSLbits = 0x350
                    0x0354                  AD1CON5 = 0x354
                    0x0354                  _AD1CON5 = 0x354
                    0x0354                  _AD1CON5bits = 0x354
                    0x0356                  AD1CHITH = 0x356
                    0x0356                  _AD1CHITH = 0x356
                    0x0356                  _AD1CHITHbits = 0x356
                    0x0358                  AD1CHITL = 0x358
                    0x0358                  _AD1CHITL = 0x358
                    0x0358                  _AD1CHITLbits = 0x358
                    0x035a                  CTMUCON1L = 0x35a
                    0x035a                  _CTMUCON1L = 0x35a
                    0x035a                  _CTMUCON1Lbits = 0x35a
                    0x035c                  CTMUCON1H = 0x35c
                    0x035c                  _CTMUCON1H = 0x35c
                    0x035c                  _CTMUCON1Hbits = 0x35c
                    0x035e                  CTMUCON2 = 0x35e
                    0x035e                  _CTMUCON2 = 0x35e
                    0x035e                  _CTMUCON2bits = 0x35e
                    0x035e                  CTMUCON2L = 0x35e
                    0x035e                  _CTMUCON2L = 0x35e
                    0x035e                  _CTMUCON2Lbits = 0x35e
                    0x0360                  AD1CTMENH = 0x360
                    0x0360                  _AD1CTMENH = 0x360
                    0x0360                  _AD1CTMENHbits = 0x360
                    0x0362                  AD1CTMENL = 0x362
                    0x0362                  _AD1CTMENL = 0x362
                    0x0362                  _AD1CTMENLbits = 0x362
                    0x04e0                  ANSA = 0x4e0
                    0x04e0                  _ANSA = 0x4e0
                    0x04e0                  _ANSAbits = 0x4e0
                    0x04e2                  ANSB = 0x4e2
                    0x04e2                  _ANSB = 0x4e2
                    0x04e2                  _ANSBbits = 0x4e2
                    0x0620                  ALRMVAL = 0x620
                    0x0620                  _ALRMVAL = 0x620
                    0x0622                  ALCFGRPT = 0x622
                    0x0622                  _ALCFGRPT = 0x622
                    0x0622                  _ALCFGRPTbits = 0x622
                    0x0624                  RTCVAL = 0x624
                    0x0624                  _RTCVAL = 0x624
                    0x0626                  RCFGCAL = 0x626
                    0x0626                  _RCFGCAL = 0x626
                    0x0626                  _RCFGCALbits = 0x626
                    0x0628                  RTCPWC = 0x628
                    0x0628                  _RTCPWC = 0x628
                    0x0628                  _RTCPWCbits = 0x628
                    0x0630                  CMSTAT = 0x630
                    0x0630                  _CMSTAT = 0x630
                    0x0630                  _CMSTATbits = 0x630
                    0x0632                  CVRCON = 0x632
                    0x0632                  _CVRCON = 0x632
                    0x0632                  _CVRCONbits = 0x632
                    0x0634                  CM1CON = 0x634
                    0x0634                  _CM1CON = 0x634
                    0x0634                  _CM1CONbits = 0x634
                    0x0636                  CM2CON = 0x636
                    0x0636                  _CM2CON = 0x636
                    0x0636                  _CM2CONbits = 0x636
                    0x0638                  CM3CON = 0x638
                    0x0638                  _CM3CON = 0x638
                    0x0638                  _CM3CONbits = 0x638
                    0x0670                  BUFCON0 = 0x670
                    0x0670                  _BUFCON0 = 0x670
                    0x0670                  _BUFCON0bits = 0x670
                    0x0740                  RCON = 0x740
                    0x0740                  _RCON = 0x740
                    0x0740                  _RCONbits = 0x740
                    0x0742                  OSCCON = 0x742
                    0x0742                  _OSCCON = 0x742
                    0x0742                  _OSCCONbits = 0x742
                    0x0742                  OSCCONL = 0x742
                    0x0742                  _OSCCONL = 0x742
                    0x0743                  OSCCONH = 0x743
                    0x0743                  _OSCCONH = 0x743
                    0x0744                  CLKDIV = 0x744
                    0x0744                  _CLKDIV = 0x744
                    0x0744                  _CLKDIVbits = 0x744
                    0x0748                  OSCTUN = 0x748
                    0x0748                  _OSCTUN = 0x748
                    0x0748                  _OSCTUNbits = 0x748
                    0x074e                  REFOCON = 0x74e
                    0x074e                  _REFOCON = 0x74e
                    0x074e                  _REFOCONbits = 0x74e
                    0x0756                  HLVDCON = 0x756
                    0x0756                  _HLVDCON = 0x756
                    0x0756                  _HLVDCONbits = 0x756
                    0x0760                  NVMCON = 0x760
                    0x0760                  _NVMCON = 0x760
                    0x0760                  _NVMCONbits = 0x760
                    0x0766                  NVMKEY = 0x766
                    0x0766                  _NVMKEY = 0x766
                    0x0766                  _NVMKEYbits = 0x766
                    0x0768                  ULPWCON = 0x768
                    0x0768                  _ULPWCON = 0x768
                    0x0768                  _ULPWCONbits = 0x768
                    0x0770                  PMD1 = 0x770
                    0x0770                  _PMD1 = 0x770
                    0x0770                  _PMD1bits = 0x770
                    0x0772                  PMD2 = 0x772
                    0x0772                  _PMD2 = 0x772
                    0x0772                  _PMD2bits = 0x772
                    0x0774                  PMD3 = 0x774
                    0x0774                  _PMD3 = 0x774
                    0x0774                  _PMD3bits = 0x774
                    0x0776                  PMD4 = 0x776
                    0x0776                  _PMD4 = 0x776
                    0x0776                  _PMD4bits = 0x776
                    0x077a                  PMD6 = 0x77a
                    0x077a                  _PMD6 = 0x77a
                    0x077a                  _PMD6bits = 0x77a
                    0x077e                  PMD8 = 0x77e
                    0x077e                  _PMD8 = 0x77e
                    0x077e                  _PMD8bits = 0x77e
                    0x0220                  UART1 = 0x220
                    0x0220                  _UART1 = 0x220
                    0x0230                  UART2 = 0x230
                    0x0230                  _UART2 = 0x230
START GROUP
LOAD c:/program files (x86)/microchip/xc16/v1.35/bin/bin/../../lib\liblega-pic30-elf.a
LOAD c:/program files (x86)/microchip/xc16/v1.35/bin/bin/../../lib\libm-elf.a
LOAD c:/program files (x86)/microchip/xc16/v1.35/bin/bin/../../lib\liblega-c-elf.a
END GROUP
OUTPUT(dist/default/production/lab_2.X.production.elf elf32-pic30)
LOAD /CW/_FGS
LOAD /CW/_FBSð$($__FBS.sec
LOAD jump_table
LOAD default_isr
LOAD data_init

.debug_pubtypes
                  0x000018         0x9d
 .debug_pubtypes
                  0x000018         0x9d build/default/production/newmainXC16.o

__c30_signature
                  0x0000b5        0x1b6
 __c30_signature
                  0x0000b5          0x6 build/default/production/newmainXC16.o
 __c30_signature
                  0x0000bb          0x6 c:/program files (x86)/microchip/xc16/v1.35/bin/bin/../../lib\liblega-pic30-elf.a(crt0_standard.o)
 __c30_signature
                  0x0000c1          0x6 c:/program files (x86)/microchip/xc16/v1.35/bin/bin/../../lib\liblega-pic30-elf.a(data_init_standard.o)
 __c30_signature
                  0x0000c7          0x6 c:/program files (x86)/microchip/xc16/v1.35/bin/bin/../../lib\libm-elf.a(divdf3.eo)
 __c30_signature
                  0x0000cd          0x6 c:/program files (x86)/microchip/xc16/v1.35/bin/bin/../../lib\libm-elf.a(dpack.eo)
 __c30_signature
                  0x0000d3          0x6 c:/program files (x86)/microchip/xc16/v1.35/bin/bin/../../lib\libm-elf.a(dunpack2.eo)
 __c30_signature
                  0x0000d9          0x6 c:/program files (x86)/microchip/xc16/v1.35/bin/bin/../../lib\libm-elf.a(expf.eo)
 __c30_signature
                  0x0000df          0x6 c:/program files (x86)/microchip/xc16/v1.35/bin/bin/../../lib\libm-elf.a(extendsfdf.eo)
 __c30_signature
                  0x0000e5          0x6 c:/program files (x86)/microchip/xc16/v1.35/bin/bin/../../lib\libm-elf.a(feqltle.eo)
 __c30_signature
                  0x0000eb          0x6 c:/program files (x86)/microchip/xc16/v1.35/bin/bin/../../lib\libm-elf.a(fgtge.eo)
 __c30_signature
                  0x0000f1          0x6 c:/program files (x86)/microchip/xc16/v1.35/bin/bin/../../lib\libm-elf.a(fixsfsi.eo)
 __c30_signature
                  0x0000f7          0x6 c:/program files (x86)/microchip/xc16/v1.35/bin/bin/../../lib\libm-elf.a(floatsisf.eo)
 __c30_signature
                  0x0000fd          0x6 c:/program files (x86)/microchip/xc16/v1.35/bin/bin/../../lib\libm-elf.a(floatunsisf.eo)
 __c30_signature
                  0x000103          0x6 c:/program files (x86)/microchip/xc16/v1.35/bin/bin/../../lib\libm-elf.a(funpack.eo)
 __c30_signature
                  0x000109          0x6 c:/program files (x86)/microchip/xc16/v1.35/bin/bin/../../lib\libm-elf.a(ldexpf.eo)
 __c30_signature
                  0x00010f          0x6 c:/program files (x86)/microchip/xc16/v1.35/bin/bin/../../lib\libm-elf.a(muldf3.eo)
 __c30_signature
                  0x000115          0x6 c:/program files (x86)/microchip/xc16/v1.35/bin/bin/../../lib\libm-elf.a(mulsf3.eo)
 __c30_signature
                  0x00011b          0x6 c:/program files (x86)/microchip/xc16/v1.35/bin/bin/../../lib\libm-elf.a(subdf3.eo)
 __c30_signature
                  0x000121          0x6 c:/program files (x86)/microchip/xc16/v1.35/bin/bin/../../lib\libm-elf.a(truncdfsf.eo)
 __c30_signature
                  0x000127          0x6 c:/program files (x86)/microchip/xc16/v1.35/bin/bin/../../lib\libm-elf.a(udivsi3.eo)
 __c30_signature
                  0x00012d          0x6 c:/program files (x86)/microchip/xc16/v1.35/bin/bin/../../lib\libm-elf.a(adddf3.eo)
 __c30_signature
                  0x000133          0x6 c:/program files (x86)/microchip/xc16/v1.35/bin/bin/../../lib\libm-elf.a(addsf3.eo)
 __c30_signature
                  0x000139          0x6 c:/program files (x86)/microchip/xc16/v1.35/bin/bin/../../lib\libm-elf.a(divsf3.eo)
 __c30_signature
                  0x00013f          0x6 c:/program files (x86)/microchip/xc16/v1.35/bin/bin/../../lib\libm-elf.a(dpropagateNaN.eo)
 __c30_signature
                  0x000145          0x6 c:/program files (x86)/microchip/xc16/v1.35/bin/bin/../../lib\libm-elf.a(dunpack.eo)
 __c30_signature
                  0x00014b          0x6 c:/program files (x86)/microchip/xc16/v1.35/bin/bin/../../lib\libm-elf.a(errno.eo)
 __c30_signature
                  0x000151          0x6 c:/program files (x86)/microchip/xc16/v1.35/bin/bin/../../lib\libm-elf.a(fcompare.eo)
 __c30_signature
                  0x000157          0x6 c:/program files (x86)/microchip/xc16/v1.35/bin/bin/../../lib\libm-elf.a(floatdisf.eo)
 __c30_signature
                  0x00015d          0x6 c:/program files (x86)/microchip/xc16/v1.35/bin/bin/../../lib\libm-elf.a(floatundisf.eo)
 __c30_signature
                  0x000163          0x6 c:/program files (x86)/microchip/xc16/v1.35/bin/bin/../../lib\libm-elf.a(fpack.eo)
 __c30_signature
                  0x000169          0x6 c:/program files (x86)/microchip/xc16/v1.35/bin/bin/../../lib\libm-elf.a(funpack2.eo)
 __c30_signature
                  0x00016f          0x6 c:/program files (x86)/microchip/xc16/v1.35/bin/bin/../../lib\libm-elf.a(futil.eo)
 __c30_signature
                  0x000175          0x6 c:/program files (x86)/microchip/xc16/v1.35/bin/bin/../../lib\liblega-c-elf.a(printf_cdfFnopuxX.XXeo)
 __c30_signature
                  0x00017b          0x6 c:/program files (x86)/microchip/xc16/v1.35/bin/bin/../../lib\liblega-c-elf.a(fwrite.XX_eo)
 __c30_signature
                  0x000181          0x6 c:/program files (x86)/microchip/xc16/v1.35/bin/bin/../../lib\liblega-c-elf.a(memchr.XX_eo)
 __c30_signature
                  0x000187          0x6 c:/program files (x86)/microchip/xc16/v1.35/bin/bin/../../lib\liblega-c-elf.a(memcpy.XX_eo)
 __c30_signature
                  0x00018d          0x6 c:/program files (x86)/microchip/xc16/v1.35/bin/bin/../../lib\liblega-c-elf.a(xfiles.XX_eo)
 __c30_signature
                  0x000193          0x6 c:/program files (x86)/microchip/xc16/v1.35/bin/bin/../../lib\liblega-c-elf.a(xfwprep.XX_eo)
 __c30_signature
                  0x000199          0x6 c:/program files (x86)/microchip/xc16/v1.35/bin/bin/../../lib\liblega-c-elf.a(fclose.XX_elo)
 __c30_signature
                  0x00019f          0x6 c:/program files (x86)/microchip/xc16/v1.35/bin/bin/../../lib\liblega-c-elf.a(fflush.XX_elo)
 __c30_signature
                  0x0001a5          0x6 c:/program files (x86)/microchip/xc16/v1.35/bin/bin/../../lib\liblega-c-elf.a(xatexit.XX_elo)
 __c30_signature
                  0x0001ab          0x6 c:/program files (x86)/microchip/xc16/v1.35/bin/bin/../../lib\liblega-c-elf.a(xprintf_cdfFnopuxX.XXeo)
 __c30_signature
                  0x0001b1          0x6 c:/program files (x86)/microchip/xc16/v1.35/bin/bin/../../lib\liblega-c-elf.a(xputfld_cdfFnopuxX.XXeo)
 __c30_signature
                  0x0001b7          0x6 c:/program files (x86)/microchip/xc16/v1.35/bin/bin/../../lib\liblega-c-elf.a(xldtob_cdfFnopuxX.XXeo)
 __c30_signature
                  0x0001bd          0x6 c:/program files (x86)/microchip/xc16/v1.35/bin/bin/../../lib\liblega-c-elf.a(xgenld_cdfFnopuxX.XXeo)
 __c30_signature
                  0x0001c3          0x6 c:/program files (x86)/microchip/xc16/v1.35/bin/bin/../../lib\liblega-c-elf.a(div.XX_eo)
 __c30_signature
                  0x0001c9          0x6 c:/program files (x86)/microchip/xc16/v1.35/bin/bin/../../lib\liblega-c-elf.a(free.XX_eo)
 __c30_signature
                  0x0001cf          0x6 c:/program files (x86)/microchip/xc16/v1.35/bin/bin/../../lib\liblega-c-elf.a(ldiv.XX_eo)
 __c30_signature
                  0x0001d5          0x6 c:/program files (x86)/microchip/xc16/v1.35/bin/bin/../../lib\liblega-c-elf.a(malloc.XX_eo)
 __c30_signature
                  0x0001db          0x6 c:/program files (x86)/microchip/xc16/v1.35/bin/bin/../../lib\liblega-c-elf.a(strchr.XX_eo)
 __c30_signature
                  0x0001e1          0x6 c:/program files (x86)/microchip/xc16/v1.35/bin/bin/../../lib\liblega-c-elf.a(xgetmem.XX_eo)
 __c30_signature
                  0x0001e7          0x6 c:/program files (x86)/microchip/xc16/v1.35/bin/bin/../../lib\liblega-c-elf.a(xldunsca.XX_eo)
 __c30_signature
                  0x0001ed          0x6 c:/program files (x86)/microchip/xc16/v1.35/bin/bin/../../lib\liblega-c-elf.a(xlitob.XX_eo)
 __c30_signature
                  0x0001f3          0x6 c:/program files (x86)/microchip/xc16/v1.35/bin/bin/../../lib\liblega-c-elf.a(xputtxt.XX_eo)
 __c30_signature
                  0x0001f9          0x6 c:/program files (x86)/microchip/xc16/v1.35/bin/bin/../../lib\liblega-c-elf.a(xvacopy.XX_eo)
 __c30_signature
                  0x0001ff          0x6 c:/program files (x86)/microchip/xc16/v1.35/bin/bin/../../lib\liblega-c-elf.a(xdnorm.XX_elo)
 __c30_signature
                  0x000205          0x6 c:/program files (x86)/microchip/xc16/v1.35/bin/bin/../../lib\liblega-pic30-elf.a(close.Leo)
 __c30_signature
                  0x00020b          0x6 c:/program files (x86)/microchip/xc16/v1.35/bin/bin/../../lib\liblega-pic30-elf.a(write.Leo)
 __c30_signature
                  0x000211          0x6 c:/program files (x86)/microchip/xc16/v1.35/bin/bin/../../lib\liblega-pic30-elf.a(remove.Leo)
 __c30_signature
                  0x000217          0x6 c:/program files (x86)/microchip/xc16/v1.35/bin/bin/../../lib\liblega-pic30-elf.a(sbrk.Leo)
 __c30_signature
                  0x00021d          0x6 c:/program files (x86)/microchip/xc16/v1.35/bin/bin/../../lib\liblega-pic30-elf.a(brk.Lelo)
 __c30_signature
                  0x000223          0x6 c:/program files (x86)/microchip/xc16/v1.35/bin/bin/../../lib\libm-elf.a(deqltle.eo)
 __c30_signature
                  0x000229          0x6 c:/program files (x86)/microchip/xc16/v1.35/bin/bin/../../lib\libm-elf.a(dgtge.eo)
 __c30_signature
                  0x00022f          0x6 c:/program files (x86)/microchip/xc16/v1.35/bin/bin/../../lib\libm-elf.a(divsi3.eo)
 __c30_signature
                  0x000235          0x6 c:/program files (x86)/microchip/xc16/v1.35/bin/bin/../../lib\libm-elf.a(fixdfsi.eo)
 __c30_signature
                  0x00023b          0x6 c:/program files (x86)/microchip/xc16/v1.35/bin/bin/../../lib\libm-elf.a(floatsidf.eo)
 __c30_signature
                  0x000241          0x6 c:/program files (x86)/microchip/xc16/v1.35/bin/bin/../../lib\libm-elf.a(umodsi3.eo)
 __c30_signature
                  0x000247          0x6 c:/program files (x86)/microchip/xc16/v1.35/bin/bin/../../lib\libm-elf.a(mulsi3.eo)
 __c30_signature
                  0x00024d          0x6 c:/program files (x86)/microchip/xc16/v1.35/bin/bin/../../lib\libm-elf.a(divmoddi3.eo)
 __c30_signature
                  0x000253          0x6 c:/program files (x86)/microchip/xc16/v1.35/bin/bin/../../lib\libm-elf.a(dcompare.eo)
 __c30_signature
                  0x000259          0x6 c:/program files (x86)/microchip/xc16/v1.35/bin/bin/../../lib\libm-elf.a(dtype.eo)
 __c30_signature
                  0x00025f          0x6 c:/program files (x86)/microchip/xc16/v1.35/bin/bin/../../lib\libm-elf.a(floatdidf.eo)
 __c30_signature
                  0x000265          0x6 c:/program files (x86)/microchip/xc16/v1.35/bin/bin/../../lib\libm-elf.a(floatundidf.eo)

.ndata              0x0800          0x2
 .ndata             0x0800          0x2 build/default/production/newmainXC16.o
                    0x0800                  ___C30_UART

.nbss               0x0802          0x2
 .nbss              0x0802          0x2 c:/program files (x86)/microchip/xc16/v1.35/bin/bin/../../lib\libm-elf.a(errno.eo)
                    0x0802                  _errno

.data               0x0804        0x11c
 .data              0x0804         0x88 c:/program files (x86)/microchip/xc16/v1.35/bin/bin/../../lib\liblega-c-elf.a(xfiles.XX_eo)
                    0x0804                  __Stdin
                    0x082c                  __Stdout
                    0x0854                  __Stderr
                    0x087c                  __Files
 .data              0x088c         0x58 c:/program files (x86)/microchip/xc16/v1.35/bin/bin/../../lib\liblega-c-elf.a(xldtob_cdfFnopuxX.XXeo)
 .data              0x08e4         0x22 c:/program files (x86)/microchip/xc16/v1.35/bin/bin/../../lib\liblega-c-elf.a(xlitob.XX_eo)
 .data              0x0906         0x1a c:/program files (x86)/microchip/xc16/v1.35/bin/bin/../../lib\liblega-c-elf.a(xprintf_cdfFnopuxX.XXeo)

.bss                0x0920          0x6
 .bss               0x0920          0x4 c:/program files (x86)/microchip/xc16/v1.35/bin/bin/../../lib\liblega-c-elf.a(malloc.XX_eo)
                    0x0920                  __Aldata
 .bss               0x0924          0x2 c:/program files (x86)/microchip/xc16/v1.35/bin/bin/../../lib\liblega-c-elf.a(fclose.XX_elo)

.data               0x0926          0x4
 .data              0x0926          0x2 c:/program files (x86)/microchip/xc16/v1.35/bin/bin/../../lib\liblega-c-elf.a(xgenld_cdfFnopuxX.XXeo)
 .data              0x0928          0x2 c:/program files (x86)/microchip/xc16/v1.35/bin/bin/../../lib\liblega-c-elf.a(malloc.XX_eo)
                    0x0928                  __Size_block

.bss                0x092a          0x2
 .bss               0x092a          0x2 c:/program files (x86)/microchip/xc16/v1.35/bin/bin/../../lib\liblega-pic30-elf.a(brk.Lelo)
                    0x092a                  ___curbrk

.config_ICS       0xf8000e          0x2
 .config_ICS      0xf8000e          0x2 build/default/production/newmainXC16.o

.config_MCLRE     0xf8000c          0x2
 .config_MCLRE    0xf8000c          0x2 build/default/production/newmainXC16.o

.config_WINDIS    0xf8000a          0x2
 .config_WINDIS
                  0xf8000a          0x2 build/default/production/newmainXC16.o

.config_FCKSM     0xf80008          0x2
 .config_FCKSM    0xf80008          0x2 build/default/production/newmainXC16.o

.config_IESO      0xf80006          0x2
 .config_IESO     0xf80006          0x2 build/default/production/newmainXC16.o

.const              0xa194         0x30 load address 0x002194  
 .const             0xa194         0x30 build/default/production/newmainXC16.o

.text             0x0021c4        0x154
 .text            0x0021c4        0x154 build/default/production/newmainXC16.o
                  0x0021c4                  _main
                  0x00229a                  _readADC
                  0x0022b4                  _wait10msTMR1
                  0x0022d8                  _ConfigUART1
                  0x002300                  _ConfigADC

.dinit            0x002318        0x10c
 .dinit           0x002318        0x10c data_init
